// Jest Snapshot v1, https://goo.gl/fbAQLP

exports[`components/channel_list/header Channel List Header Component should match snapshot 1`] = `
<RNCSafeAreaProvider
  onInsetsChange={[Function]}
  style={
    Array [
      Object {
        "flex": 1,
      },
      undefined,
    ]
  }
/>
`;
